<html>
<body>
<pre>
<h1>µVision Build Log</h1>
<h2>Project:</h2>
H:\±œ“µ…Ëº∆\STM32_demo_UTF8\Project\project.uvproj
Project File Date:  03/17/2019

<h2>Output:</h2>
Rebuild target 'Project'
compiling dht11.c...
compiling delay.c...
compiling sys.c...
compiling zph01.c...
compiling usart.c...
compiling lcd.c...
..\App\lcd\font.h(207): error:  #169: expected a declaration
..\App\lcd\font.h(207): error:  #7: unrecognized token
..\App\lcd\font.h(207): error:  #7: unrecognized token
..\App\lcd\font.h(304): warning:  #12-D: parsing restarts here after previous syntax error
..\App\lcd\lcd.c(38): error:  #77-D: this declaration has no storage class or type specifier
..\App\lcd\lcd.c(44): error:  #65: expected a ";"
..\App\lcd\lcd.c(162): warning:  #12-D: parsing restarts here after previous syntax error
..\App\lcd\lcd.c(163): error:  #79: expected a type specifier
..\App\lcd\lcd.c(163): warning:  #77-D: this declaration has no storage class or type specifier
..\App\lcd\lcd.c(165): error:  #77-D: this declaration has no storage class or type specifier
..\App\lcd\lcd.c(165): error:  #20: identifier "LCD_RD_DATA" is undefined
..\App\lcd\lcd.c(165): error:  #59: function call is not allowed in a constant expression
..\App\lcd\lcd.c(167): error:  #169: expected a declaration
..\App\lcd\lcd.c(177): warning:  #12-D: parsing restarts here after previous syntax error
..\App\lcd\lcd.c(178): error:  #169: expected a declaration
..\App\lcd\lcd.c(181): warning:  #12-D: parsing restarts here after previous syntax error
..\App\lcd\lcd.c(183): error:  #169: expected a declaration
..\App\lcd\lcd.c(185): error:  #169: expected a declaration
..\App\lcd\lcd.c(275): warning:  #12-D: parsing restarts here after previous syntax error
..\App\lcd\lcd.c(276): error:  #79: expected a type specifier
..\App\lcd\lcd.c(276): warning:  #77-D: this declaration has no storage class or type specifier
..\App\lcd\lcd.c(276): error:  #147: declaration is incompatible with "void LCD_WR_DATA(u16)" (declared at line 180 of "..\App\lcd\lcd.h")
..\App\lcd\lcd.c(278): error:  #169: expected a declaration
..\App\lcd\lcd.c(348): warning:  #12-D: parsing restarts here after previous syntax error
..\App\lcd\lcd.c(349): error:  #169: expected a declaration
..\App\lcd\lcd.c(351): error:  #169: expected a declaration
..\App\lcd\lcd.c(353): error:  #169: expected a declaration
..\App\lcd\lcd.c(355): error:  #169: expected a declaration
..\App\lcd\lcd.c(357): error:  #169: expected a declaration
..\App\lcd\lcd.c(359): error:  #169: expected a declaration
..\App\lcd\lcd.c(361): error:  #169: expected a declaration
..\App\lcd\lcd.c(362): error:  #169: expected a declaration
..\App\lcd\lcd.c(365): error:  #169: expected a declaration
..\App\lcd\lcd.c(368): error:  #169: expected a declaration
..\App\lcd\lcd.c(371): error:  #169: expected a declaration
..\App\lcd\lcd.c(373): warning:  #77-D: this declaration has no storage class or type specifier
..\App\lcd\lcd.c(373): error:  #92: identifier-list parameters may only be used in a function definition
..\App\lcd\lcd.c(373): error:  #147: declaration is incompatible with "void LCD_WriteReg(u16, u16)" (declared at line 168 of "..\App\lcd\lcd.h")
..\App\lcd\lcd.c(375): error:  #169: expected a declaration
compiling LED.C...
compiling time.c...
compiling image2lcd.c...
compiling swpu.c...
compiling gongjiaoe.c...
compiling HzLib_65k.c...
assembling startup_stm32f10x_hd.s...
compiling core_cm3.c...
compiling system_stm32f10x.c...
compiling misc.c...
compiling stm32f10x_adc.c...
compiling stm32f10x_bkp.c...
compiling stm32f10x_can.c...
compiling stm32f10x_cec.c...
compiling stm32f10x_crc.c...
compiling stm32f10x_dac.c...
compiling stm32f10x_dbgmcu.c...
compiling stm32f10x_dma.c...
compiling stm32f10x_exti.c...
compiling stm32f10x_flash.c...
compiling stm32f10x_fsmc.c...
compiling stm32f10x_gpio.c...
compiling stm32f10x_i2c.c...
compiling stm32f10x_iwdg.c...
compiling stm32f10x_pwr.c...
compiling stm32f10x_rcc.c...
compiling stm32f10x_rtc.c...
compiling stm32f10x_sdio.c...
compiling stm32f10x_spi.c...
compiling stm32f10x_tim.c...
compiling stm32f10x_usart.c...
compiling stm32f10x_wwdg.c...
compiling main.c...
..\User\main.c(43): warning:  #951-D: return type of function "main" must be "int"
..\User\main.c(220): warning:  #870-D: invalid multibyte character sequence
..\User\main.c(223): warning:  #870-D: invalid multibyte character sequence
..\User\main.c(300): warning:  #870-D: invalid multibyte character sequence
..\User\main.c(305): warning:  #870-D: invalid multibyte character sequence
..\User\main.c(310): warning:  #870-D: invalid multibyte character sequence
..\User\main.c(315): warning:  #870-D: invalid multibyte character sequence
..\User\main.c(320): warning:  #870-D: invalid multibyte character sequence
..\User\main.c(325): warning:  #870-D: invalid multibyte character sequence
..\User\main.c(421): error:  #268: declaration may not appear after executable statement in block
..\User\main.c(46): warning:  #177-D: variable "i" was declared but never referenced
..\User\main.c(48): warning:  #177-D: variable "time_refresh_flag" was declared but never referenced
..\User\main.c(421): error:  #67: expected a "}"
..\User\main.c(428): warning:  #870-D: invalid multibyte character sequence
..\User\main.c(432): warning:  #870-D: invalid multibyte character sequence
..\User\main.c(436): warning:  #870-D: invalid multibyte character sequence
..\User\main.c(448): warning:  #870-D: invalid multibyte character sequence
..\User\main.c(450): warning:  #870-D: invalid multibyte character sequence
..\User\main.c(474): warning:  #870-D: invalid multibyte character sequence
..\User\main.c(476): warning:  #870-D: invalid multibyte character sequence
..\User\main.c(479): warning:  #870-D: invalid multibyte character sequence
..\User\main.c(480): warning:  #870-D: invalid multibyte character sequence
..\User\main.c(483): warning:  #870-D: invalid multibyte character sequence
..\User\main.c(488): warning:  #870-D: invalid multibyte character sequence
..\User\main.c(490): warning:  #870-D: invalid multibyte character sequence
compiling stm32f10x_it.c...
"..\Output\project.axf" - 32 Errors, 32 Warning(s).
Target not created
Rebuild target 'Project'
compiling dht11.c...
compiling delay.c...
compiling sys.c...
compiling zph01.c...
compiling usart.c...
compiling lcd.c...
..\App\lcd\lcd.c(38): error:  #77-D: this declaration has no storage class or type specifier
..\App\lcd\lcd.c(44): error:  #65: expected a ";"
..\App\lcd\lcd.c(162): warning:  #12-D: parsing restarts here after previous syntax error
..\App\lcd\lcd.c(163): error:  #79: expected a type specifier
..\App\lcd\lcd.c(163): warning:  #77-D: this declaration has no storage class or type specifier
..\App\lcd\lcd.c(165): error:  #77-D: this declaration has no storage class or type specifier
..\App\lcd\lcd.c(165): error:  #20: identifier "LCD_RD_DATA" is undefined
..\App\lcd\lcd.c(165): error:  #59: function call is not allowed in a constant expression
..\App\lcd\lcd.c(167): error:  #169: expected a declaration
..\App\lcd\lcd.c(177): warning:  #12-D: parsing restarts here after previous syntax error
..\App\lcd\lcd.c(178): error:  #169: expected a declaration
..\App\lcd\lcd.c(181): warning:  #12-D: parsing restarts here after previous syntax error
..\App\lcd\lcd.c(183): error:  #169: expected a declaration
..\App\lcd\lcd.c(185): error:  #169: expected a declaration
..\App\lcd\lcd.c(275): warning:  #12-D: parsing restarts here after previous syntax error
..\App\lcd\lcd.c(276): error:  #79: expected a type specifier
..\App\lcd\lcd.c(276): warning:  #77-D: this declaration has no storage class or type specifier
..\App\lcd\lcd.c(276): error:  #147: declaration is incompatible with "void LCD_WR_DATA(u16)" (declared at line 180 of "..\App\lcd\lcd.h")
..\App\lcd\lcd.c(278): error:  #169: expected a declaration
..\App\lcd\lcd.c(348): warning:  #12-D: parsing restarts here after previous syntax error
..\App\lcd\lcd.c(349): error:  #169: expected a declaration
..\App\lcd\lcd.c(351): error:  #169: expected a declaration
..\App\lcd\lcd.c(353): error:  #169: expected a declaration
..\App\lcd\lcd.c(355): error:  #169: expected a declaration
..\App\lcd\lcd.c(357): error:  #169: expected a declaration
..\App\lcd\lcd.c(359): error:  #169: expected a declaration
..\App\lcd\lcd.c(361): error:  #169: expected a declaration
..\App\lcd\lcd.c(362): error:  #169: expected a declaration
..\App\lcd\lcd.c(365): error:  #169: expected a declaration
..\App\lcd\lcd.c(368): error:  #169: expected a declaration
..\App\lcd\lcd.c(371): error:  #169: expected a declaration
..\App\lcd\lcd.c(373): warning:  #77-D: this declaration has no storage class or type specifier
..\App\lcd\lcd.c(373): error:  #92: identifier-list parameters may only be used in a function definition
..\App\lcd\lcd.c(373): error:  #147: declaration is incompatible with "void LCD_WriteReg(u16, u16)" (declared at line 168 of "..\App\lcd\lcd.h")
..\App\lcd\lcd.c(375): error:  #169: expected a declaration
..\App\lcd\lcd.c(451): warning:  #12-D: parsing restarts here after previous syntax error
..\App\lcd\lcd.c(452): error:  #169: expected a declaration
..\App\lcd\lcd.c(454): error:  #169: expected a declaration
..\App\lcd\lcd.c(456): error:  #169: expected a declaration
compiling LED.C...
compiling time.c...
compiling image2lcd.c...
compiling swpu.c...
compiling gongjiaoe.c...
compiling HzLib_65k.c...
assembling startup_stm32f10x_hd.s...
compiling core_cm3.c...
compiling system_stm32f10x.c...
compiling misc.c...
compiling stm32f10x_adc.c...
compiling stm32f10x_bkp.c...
compiling stm32f10x_can.c...
compiling stm32f10x_cec.c...
compiling stm32f10x_crc.c...
compiling stm32f10x_dac.c...
compiling stm32f10x_dbgmcu.c...
compiling stm32f10x_dma.c...
compiling stm32f10x_exti.c...
compiling stm32f10x_flash.c...
compiling stm32f10x_fsmc.c...
compiling stm32f10x_gpio.c...
compiling stm32f10x_i2c.c...
compiling stm32f10x_iwdg.c...
compiling stm32f10x_pwr.c...
compiling stm32f10x_rcc.c...
compiling stm32f10x_rtc.c...
compiling stm32f10x_sdio.c...
compiling stm32f10x_spi.c...
compiling stm32f10x_tim.c...
compiling stm32f10x_usart.c...
compiling stm32f10x_wwdg.c...
compiling main.c...
..\User\main.c(43): warning:  #951-D: return type of function "main" must be "int"
..\User\main.c(220): warning:  #870-D: invalid multibyte character sequence
..\User\main.c(223): warning:  #870-D: invalid multibyte character sequence
..\User\main.c(300): warning:  #870-D: invalid multibyte character sequence
..\User\main.c(305): warning:  #870-D: invalid multibyte character sequence
..\User\main.c(310): warning:  #870-D: invalid multibyte character sequence
..\User\main.c(315): warning:  #870-D: invalid multibyte character sequence
..\User\main.c(320): warning:  #870-D: invalid multibyte character sequence
..\User\main.c(325): warning:  #870-D: invalid multibyte character sequence
..\User\main.c(421): error:  #268: declaration may not appear after executable statement in block
..\User\main.c(46): warning:  #177-D: variable "i" was declared but never referenced
..\User\main.c(48): warning:  #177-D: variable "time_refresh_flag" was declared but never referenced
..\User\main.c(421): error:  #67: expected a "}"
..\User\main.c(428): warning:  #870-D: invalid multibyte character sequence
..\User\main.c(432): warning:  #870-D: invalid multibyte character sequence
..\User\main.c(436): warning:  #870-D: invalid multibyte character sequence
..\User\main.c(448): warning:  #870-D: invalid multibyte character sequence
..\User\main.c(450): warning:  #870-D: invalid multibyte character sequence
..\User\main.c(474): warning:  #870-D: invalid multibyte character sequence
..\User\main.c(476): warning:  #870-D: invalid multibyte character sequence
..\User\main.c(479): warning:  #870-D: invalid multibyte character sequence
..\User\main.c(480): warning:  #870-D: invalid multibyte character sequence
..\User\main.c(483): warning:  #870-D: invalid multibyte character sequence
..\User\main.c(488): warning:  #870-D: invalid multibyte character sequence
..\User\main.c(490): warning:  #870-D: invalid multibyte character sequence
compiling stm32f10x_it.c...
"..\Output\project.axf" - 32 Errors, 32 Warning(s).
Target not created
Rebuild target 'Project'
compiling dht11.c...
compiling delay.c...
compiling sys.c...
compiling zph01.c...
compiling usart.c...
compiling lcd.c...
..\App\lcd\lcd.c(38): error:  #77-D: this declaration has no storage class or type specifier
..\App\lcd\lcd.c(44): error:  #65: expected a ";"
..\App\lcd\lcd.c(162): warning:  #12-D: parsing restarts here after previous syntax error
..\App\lcd\lcd.c(163): error:  #79: expected a type specifier
..\App\lcd\lcd.c(163): warning:  #77-D: this declaration has no storage class or type specifier
..\App\lcd\lcd.c(165): error:  #77-D: this declaration has no storage class or type specifier
..\App\lcd\lcd.c(165): error:  #20: identifier "LCD_RD_DATA" is undefined
..\App\lcd\lcd.c(165): error:  #59: function call is not allowed in a constant expression
..\App\lcd\lcd.c(167): error:  #169: expected a declaration
..\App\lcd\lcd.c(177): warning:  #12-D: parsing restarts here after previous syntax error
..\App\lcd\lcd.c(178): error:  #169: expected a declaration
..\App\lcd\lcd.c(181): warning:  #12-D: parsing restarts here after previous syntax error
..\App\lcd\lcd.c(183): error:  #169: expected a declaration
..\App\lcd\lcd.c(185): error:  #169: expected a declaration
..\App\lcd\lcd.c(275): warning:  #12-D: parsing restarts here after previous syntax error
..\App\lcd\lcd.c(276): error:  #79: expected a type specifier
..\App\lcd\lcd.c(276): warning:  #77-D: this declaration has no storage class or type specifier
..\App\lcd\lcd.c(276): error:  #147: declaration is incompatible with "void LCD_WR_DATA(u16)" (declared at line 180 of "..\App\lcd\lcd.h")
..\App\lcd\lcd.c(278): error:  #169: expected a declaration
..\App\lcd\lcd.c(348): warning:  #12-D: parsing restarts here after previous syntax error
..\App\lcd\lcd.c(349): error:  #169: expected a declaration
..\App\lcd\lcd.c(351): error:  #169: expected a declaration
..\App\lcd\lcd.c(353): error:  #169: expected a declaration
..\App\lcd\lcd.c(355): error:  #169: expected a declaration
..\App\lcd\lcd.c(357): error:  #169: expected a declaration
..\App\lcd\lcd.c(359): error:  #169: expected a declaration
..\App\lcd\lcd.c(361): error:  #169: expected a declaration
..\App\lcd\lcd.c(362): error:  #169: expected a declaration
..\App\lcd\lcd.c(365): error:  #169: expected a declaration
..\App\lcd\lcd.c(368): error:  #169: expected a declaration
..\App\lcd\lcd.c(371): error:  #169: expected a declaration
..\App\lcd\lcd.c(373): warning:  #77-D: this declaration has no storage class or type specifier
..\App\lcd\lcd.c(373): error:  #92: identifier-list parameters may only be used in a function definition
..\App\lcd\lcd.c(373): error:  #147: declaration is incompatible with "void LCD_WriteReg(u16, u16)" (declared at line 168 of "..\App\lcd\lcd.h")
..\App\lcd\lcd.c(375): error:  #169: expected a declaration
..\App\lcd\lcd.c(451): warning:  #12-D: parsing restarts here after previous syntax error
..\App\lcd\lcd.c(452): error:  #169: expected a declaration
..\App\lcd\lcd.c(454): error:  #169: expected a declaration
..\App\lcd\lcd.c(456): error:  #169: expected a declaration
compiling LED.C...
compiling time.c...
compiling image2lcd.c...
compiling swpu.c...
compiling gongjiaoe.c...
compiling HzLib_65k.c...
assembling startup_stm32f10x_hd.s...
compiling core_cm3.c...
compiling system_stm32f10x.c...
compiling misc.c...
compiling stm32f10x_adc.c...
compiling stm32f10x_bkp.c...
compiling stm32f10x_can.c...
compiling stm32f10x_cec.c...
compiling stm32f10x_crc.c...
compiling stm32f10x_dac.c...
compiling stm32f10x_dbgmcu.c...
compiling stm32f10x_dma.c...
compiling stm32f10x_exti.c...
compiling stm32f10x_flash.c...
compiling stm32f10x_fsmc.c...
compiling stm32f10x_gpio.c...
compiling stm32f10x_i2c.c...
compiling stm32f10x_iwdg.c...
compiling stm32f10x_pwr.c...
compiling stm32f10x_rcc.c...
compiling stm32f10x_rtc.c...
compiling stm32f10x_sdio.c...
compiling stm32f10x_spi.c...
compiling stm32f10x_tim.c...
compiling stm32f10x_usart.c...
compiling stm32f10x_wwdg.c...
compiling main.c...
..\User\main.c(43): warning:  #951-D: return type of function "main" must be "int"
..\User\main.c(220): warning:  #870-D: invalid multibyte character sequence
..\User\main.c(223): warning:  #870-D: invalid multibyte character sequence
..\User\main.c(300): warning:  #870-D: invalid multibyte character sequence
..\User\main.c(305): warning:  #870-D: invalid multibyte character sequence
..\User\main.c(310): warning:  #870-D: invalid multibyte character sequence
..\User\main.c(315): warning:  #870-D: invalid multibyte character sequence
..\User\main.c(320): warning:  #870-D: invalid multibyte character sequence
..\User\main.c(325): warning:  #870-D: invalid multibyte character sequence
..\User\main.c(46): warning:  #177-D: variable "i" was declared but never referenced
..\User\main.c(48): warning:  #177-D: variable "time_refresh_flag" was declared but never referenced
..\User\main.c(429): warning:  #870-D: invalid multibyte character sequence
..\User\main.c(433): warning:  #870-D: invalid multibyte character sequence
..\User\main.c(437): warning:  #870-D: invalid multibyte character sequence
..\User\main.c(449): warning:  #870-D: invalid multibyte character sequence
..\User\main.c(451): warning:  #870-D: invalid multibyte character sequence
..\User\main.c(475): warning:  #870-D: invalid multibyte character sequence
..\User\main.c(477): warning:  #870-D: invalid multibyte character sequence
..\User\main.c(480): warning:  #870-D: invalid multibyte character sequence
..\User\main.c(481): warning:  #870-D: invalid multibyte character sequence
..\User\main.c(484): warning:  #870-D: invalid multibyte character sequence
..\User\main.c(489): warning:  #870-D: invalid multibyte character sequence
..\User\main.c(491): warning:  #870-D: invalid multibyte character sequence
compiling stm32f10x_it.c...
"..\Output\project.axf" - 30 Errors, 32 Warning(s).
Target not created
Rebuild target 'Project'
compiling dht11.c...
compiling delay.c...
compiling sys.c...
compiling zph01.c...
compiling usart.c...
compiling lcd.c...
..\App\lcd\lcd.c(298): error:  #77-D: this declaration has no storage class or type specifier
..\App\lcd\lcd.c(304): error:  #65: expected a ";"
..\App\lcd\lcd.c(348): warning:  #12-D: parsing restarts here after previous syntax error
..\App\lcd\lcd.c(349): error:  #169: expected a declaration
..\App\lcd\lcd.c(351): error:  #169: expected a declaration
..\App\lcd\lcd.c(353): error:  #169: expected a declaration
..\App\lcd\lcd.c(355): error:  #169: expected a declaration
..\App\lcd\lcd.c(357): error:  #169: expected a declaration
..\App\lcd\lcd.c(359): error:  #169: expected a declaration
..\App\lcd\lcd.c(361): error:  #169: expected a declaration
..\App\lcd\lcd.c(362): error:  #169: expected a declaration
..\App\lcd\lcd.c(365): error:  #169: expected a declaration
..\App\lcd\lcd.c(368): error:  #169: expected a declaration
..\App\lcd\lcd.c(371): error:  #169: expected a declaration
..\App\lcd\lcd.c(373): warning:  #77-D: this declaration has no storage class or type specifier
..\App\lcd\lcd.c(373): error:  #92: identifier-list parameters may only be used in a function definition
..\App\lcd\lcd.c(373): error:  #147: declaration is incompatible with "void LCD_WriteReg(u16, u16)" (declared at line 67)
..\App\lcd\lcd.c(375): error:  #169: expected a declaration
..\App\lcd\lcd.c(451): warning:  #12-D: parsing restarts here after previous syntax error
..\App\lcd\lcd.c(452): error:  #169: expected a declaration
..\App\lcd\lcd.c(454): error:  #169: expected a declaration
..\App\lcd\lcd.c(456): error:  #169: expected a declaration
..\App\lcd\lcd.c(458): error:  #169: expected a declaration
..\App\lcd\lcd.c(460): error:  #169: expected a declaration
..\App\lcd\lcd.c(462): error:  #169: expected a declaration
..\App\lcd\lcd.c(464): error:  #169: expected a declaration
..\App\lcd\lcd.c(465): error:  #169: expected a declaration
..\App\lcd\lcd.c(467): error:  #77-D: this declaration has no storage class or type specifier
..\App\lcd\lcd.c(467): error:  #65: expected a ";"
..\App\lcd\lcd.c(468): warning:  #77-D: this declaration has no storage class or type specifier
..\App\lcd\lcd.c(468): error:  #92: identifier-list parameters may only be used in a function definition
..\App\lcd\lcd.c(469): error:  #169: expected a declaration
..\App\lcd\lcd.c(513): warning:  #12-D: parsing restarts here after previous syntax error
..\App\lcd\lcd.c(514): error:  #757: variable "lcddev" is not a type name
..\App\lcd\lcd.c(514): error:  #18: expected a ")"
compiling LED.C...
compiling time.c...
compiling image2lcd.c...
compiling swpu.c...
compiling gongjiaoe.c...
compiling HzLib_65k.c...
assembling startup_stm32f10x_hd.s...
compiling core_cm3.c...
compiling system_stm32f10x.c...
compiling misc.c...
compiling stm32f10x_adc.c...
compiling stm32f10x_bkp.c...
compiling stm32f10x_can.c...
compiling stm32f10x_cec.c...
compiling stm32f10x_crc.c...
compiling stm32f10x_dac.c...
compiling stm32f10x_dbgmcu.c...
compiling stm32f10x_dma.c...
compiling stm32f10x_exti.c...
compiling stm32f10x_flash.c...
compiling stm32f10x_fsmc.c...
compiling stm32f10x_gpio.c...
compiling stm32f10x_i2c.c...
compiling stm32f10x_iwdg.c...
compiling stm32f10x_pwr.c...
compiling stm32f10x_rcc.c...
compiling stm32f10x_rtc.c...
compiling stm32f10x_sdio.c...
compiling stm32f10x_spi.c...
compiling stm32f10x_tim.c...
compiling stm32f10x_usart.c...
compiling stm32f10x_wwdg.c...
compiling main.c...
..\User\main.c(220): warning:  #870-D: invalid multibyte character sequence
..\User\main.c(223): warning:  #870-D: invalid multibyte character sequence
..\User\main.c(300): warning:  #870-D: invalid multibyte character sequence
..\User\main.c(305): warning:  #870-D: invalid multibyte character sequence
..\User\main.c(310): warning:  #870-D: invalid multibyte character sequence
..\User\main.c(315): warning:  #870-D: invalid multibyte character sequence
..\User\main.c(320): warning:  #870-D: invalid multibyte character sequence
..\User\main.c(325): warning:  #870-D: invalid multibyte character sequence
..\User\main.c(46): warning:  #177-D: variable "i" was declared but never referenced
..\User\main.c(48): warning:  #177-D: variable "time_refresh_flag" was declared but never referenced
..\User\main.c(429): warning:  #870-D: invalid multibyte character sequence
..\User\main.c(433): warning:  #870-D: invalid multibyte character sequence
..\User\main.c(437): warning:  #870-D: invalid multibyte character sequence
..\User\main.c(449): warning:  #870-D: invalid multibyte character sequence
..\User\main.c(451): warning:  #870-D: invalid multibyte character sequence
..\User\main.c(475): warning:  #870-D: invalid multibyte character sequence
..\User\main.c(477): warning:  #870-D: invalid multibyte character sequence
..\User\main.c(480): warning:  #870-D: invalid multibyte character sequence
..\User\main.c(481): warning:  #870-D: invalid multibyte character sequence
..\User\main.c(484): warning:  #870-D: invalid multibyte character sequence
..\User\main.c(489): warning:  #870-D: invalid multibyte character sequence
..\User\main.c(491): warning:  #870-D: invalid multibyte character sequence
compiling stm32f10x_it.c...
"..\Output\project.axf" - 30 Errors, 27 Warning(s).
Target not created
Build target 'Project'
compiling lcd.c...
linking...
Program Size: Code=27036 RO-data=374412 RW-data=80 ZI-data=1128  
FromELF: creating hex file...
"..\Output\project.axf" - 0 Errors, 0 Warning(s).
Rebuild target 'Project'
compiling dht11.c...
compiling delay.c...
compiling sys.c...
compiling zph01.c...
compiling usart.c...
compiling lcd.c...
compiling LED.C...
compiling time.c...
compiling image2lcd.c...
compiling swpu.c...
compiling gongjiaoe.c...
compiling HzLib_65k.c...
assembling startup_stm32f10x_hd.s...
compiling core_cm3.c...
compiling system_stm32f10x.c...
compiling misc.c...
compiling stm32f10x_adc.c...
compiling stm32f10x_bkp.c...
compiling stm32f10x_can.c...
compiling stm32f10x_cec.c...
compiling stm32f10x_crc.c...
compiling stm32f10x_dac.c...
compiling stm32f10x_dbgmcu.c...
compiling stm32f10x_dma.c...
compiling stm32f10x_exti.c...
compiling stm32f10x_flash.c...
compiling stm32f10x_fsmc.c...
compiling stm32f10x_gpio.c...
compiling stm32f10x_i2c.c...
compiling stm32f10x_iwdg.c...
compiling stm32f10x_pwr.c...
compiling stm32f10x_rcc.c...
compiling stm32f10x_rtc.c...
compiling stm32f10x_sdio.c...
compiling stm32f10x_spi.c...
compiling stm32f10x_tim.c...
compiling stm32f10x_usart.c...
compiling stm32f10x_wwdg.c...
compiling main.c...
..\User\main.c(220): warning:  #870-D: invalid multibyte character sequence
..\User\main.c(223): warning:  #870-D: invalid multibyte character sequence
..\User\main.c(300): warning:  #870-D: invalid multibyte character sequence
..\User\main.c(305): warning:  #870-D: invalid multibyte character sequence
..\User\main.c(310): warning:  #870-D: invalid multibyte character sequence
..\User\main.c(315): warning:  #870-D: invalid multibyte character sequence
..\User\main.c(320): warning:  #870-D: invalid multibyte character sequence
..\User\main.c(325): warning:  #870-D: invalid multibyte character sequence
..\User\main.c(46): warning:  #177-D: variable "i" was declared but never referenced
..\User\main.c(48): warning:  #177-D: variable "time_refresh_flag" was declared but never referenced
..\User\main.c(429): warning:  #870-D: invalid multibyte character sequence
..\User\main.c(433): warning:  #870-D: invalid multibyte character sequence
..\User\main.c(437): warning:  #870-D: invalid multibyte character sequence
..\User\main.c(449): warning:  #870-D: invalid multibyte character sequence
..\User\main.c(451): warning:  #870-D: invalid multibyte character sequence
..\User\main.c(475): warning:  #870-D: invalid multibyte character sequence
..\User\main.c(477): warning:  #870-D: invalid multibyte character sequence
..\User\main.c(480): warning:  #870-D: invalid multibyte character sequence
..\User\main.c(481): warning:  #870-D: invalid multibyte character sequence
..\User\main.c(484): warning:  #870-D: invalid multibyte character sequence
..\User\main.c(489): warning:  #870-D: invalid multibyte character sequence
..\User\main.c(491): warning:  #870-D: invalid multibyte character sequence
compiling stm32f10x_it.c...
linking...
Program Size: Code=27036 RO-data=374412 RW-data=80 ZI-data=1128  
FromELF: creating hex file...
"..\Output\project.axf" - 0 Errors, 22 Warning(s).
Rebuild target 'Project'
compiling dht11.c...
compiling delay.c...
compiling sys.c...
compiling zph01.c...
compiling usart.c...
compiling lcd.c...
compiling LED.C...
compiling time.c...
compiling image2lcd.c...
compiling swpu.c...
compiling gongjiaoe.c...
compiling HzLib_65k.c...
assembling startup_stm32f10x_hd.s...
compiling core_cm3.c...
compiling system_stm32f10x.c...
compiling misc.c...
compiling stm32f10x_adc.c...
compiling stm32f10x_bkp.c...
compiling stm32f10x_can.c...
compiling stm32f10x_cec.c...
compiling stm32f10x_crc.c...
compiling stm32f10x_dac.c...
compiling stm32f10x_dbgmcu.c...
compiling stm32f10x_dma.c...
compiling stm32f10x_exti.c...
compiling stm32f10x_flash.c...
compiling stm32f10x_fsmc.c...
compiling stm32f10x_gpio.c...
compiling stm32f10x_i2c.c...
compiling stm32f10x_iwdg.c...
compiling stm32f10x_pwr.c...
compiling stm32f10x_rcc.c...
compiling stm32f10x_rtc.c...
compiling stm32f10x_sdio.c...
compiling stm32f10x_spi.c...
compiling stm32f10x_tim.c...
compiling stm32f10x_usart.c...
compiling stm32f10x_wwdg.c...
compiling main.c...
..\User\main.c(220): warning:  #870-D: invalid multibyte character sequence
..\User\main.c(223): warning:  #870-D: invalid multibyte character sequence
..\User\main.c(300): warning:  #870-D: invalid multibyte character sequence
..\User\main.c(305): warning:  #870-D: invalid multibyte character sequence
..\User\main.c(310): warning:  #870-D: invalid multibyte character sequence
..\User\main.c(315): warning:  #870-D: invalid multibyte character sequence
..\User\main.c(320): warning:  #870-D: invalid multibyte character sequence
..\User\main.c(325): warning:  #870-D: invalid multibyte character sequence
..\User\main.c(429): warning:  #870-D: invalid multibyte character sequence
..\User\main.c(433): warning:  #870-D: invalid multibyte character sequence
..\User\main.c(437): warning:  #870-D: invalid multibyte character sequence
..\User\main.c(449): warning:  #870-D: invalid multibyte character sequence
..\User\main.c(451): warning:  #870-D: invalid multibyte character sequence
..\User\main.c(475): warning:  #870-D: invalid multibyte character sequence
..\User\main.c(477): warning:  #870-D: invalid multibyte character sequence
..\User\main.c(480): warning:  #870-D: invalid multibyte character sequence
..\User\main.c(481): warning:  #870-D: invalid multibyte character sequence
..\User\main.c(484): warning:  #870-D: invalid multibyte character sequence
..\User\main.c(489): warning:  #870-D: invalid multibyte character sequence
..\User\main.c(491): warning:  #870-D: invalid multibyte character sequence
compiling stm32f10x_it.c...
linking...
Program Size: Code=27032 RO-data=374412 RW-data=80 ZI-data=1128  
FromELF: creating hex file...
"..\Output\project.axf" - 0 Errors, 20 Warning(s).
Rebuild target 'Project'
compiling dht11.c...
compiling delay.c...
compiling sys.c...
compiling zph01.c...
compiling usart.c...
compiling lcd.c...
compiling LED.C...
compiling time.c...
compiling image2lcd.c...
compiling swpu.c...
compiling gongjiaoe.c...
compiling HzLib_65k.c...
assembling startup_stm32f10x_hd.s...
compiling core_cm3.c...
compiling system_stm32f10x.c...
compiling misc.c...
compiling stm32f10x_adc.c...
compiling stm32f10x_bkp.c...
compiling stm32f10x_can.c...
compiling stm32f10x_cec.c...
compiling stm32f10x_crc.c...
compiling stm32f10x_dac.c...
compiling stm32f10x_dbgmcu.c...
compiling stm32f10x_dma.c...
compiling stm32f10x_exti.c...
compiling stm32f10x_flash.c...
compiling stm32f10x_fsmc.c...
compiling stm32f10x_gpio.c...
compiling stm32f10x_i2c.c...
compiling stm32f10x_iwdg.c...
compiling stm32f10x_pwr.c...
compiling stm32f10x_rcc.c...
compiling stm32f10x_rtc.c...
compiling stm32f10x_sdio.c...
compiling stm32f10x_spi.c...
compiling stm32f10x_tim.c...
compiling stm32f10x_usart.c...
compiling stm32f10x_wwdg.c...
compiling main.c...
..\User\main.c(220): warning:  #870-D: invalid multibyte character sequence
..\User\main.c(223): warning:  #870-D: invalid multibyte character sequence
..\User\main.c(300): warning:  #870-D: invalid multibyte character sequence
..\User\main.c(305): warning:  #870-D: invalid multibyte character sequence
..\User\main.c(310): warning:  #870-D: invalid multibyte character sequence
..\User\main.c(315): warning:  #870-D: invalid multibyte character sequence
..\User\main.c(320): warning:  #870-D: invalid multibyte character sequence
..\User\main.c(325): warning:  #870-D: invalid multibyte character sequence
..\User\main.c(429): warning:  #870-D: invalid multibyte character sequence
..\User\main.c(433): warning:  #870-D: invalid multibyte character sequence
..\User\main.c(437): warning:  #870-D: invalid multibyte character sequence
..\User\main.c(449): warning:  #870-D: invalid multibyte character sequence
..\User\main.c(451): warning:  #870-D: invalid multibyte character sequence
..\User\main.c(475): warning:  #870-D: invalid multibyte character sequence
..\User\main.c(477): warning:  #870-D: invalid multibyte character sequence
..\User\main.c(480): warning:  #870-D: invalid multibyte character sequence
..\User\main.c(481): warning:  #870-D: invalid multibyte character sequence
..\User\main.c(484): warning:  #870-D: invalid multibyte character sequence
..\User\main.c(489): warning:  #870-D: invalid multibyte character sequence
..\User\main.c(491): warning:  #870-D: invalid multibyte character sequence
compiling stm32f10x_it.c...
linking...
Program Size: Code=27032 RO-data=374412 RW-data=80 ZI-data=1128  
FromELF: creating hex file...
"..\Output\project.axf" - 0 Errors, 20 Warning(s).
Rebuild target 'Project'
compiling dht11.c...
compiling delay.c...
compiling sys.c...
compiling zph01.c...
compiling usart.c...
compiling lcd.c...
compiling LED.C...
compiling time.c...
compiling image2lcd.c...
compiling swpu.c...
compiling gongjiaoe.c...
compiling HzLib_65k.c...
assembling startup_stm32f10x_hd.s...
compiling core_cm3.c...
compiling system_stm32f10x.c...
compiling misc.c...
compiling stm32f10x_adc.c...
compiling stm32f10x_bkp.c...
compiling stm32f10x_can.c...
compiling stm32f10x_cec.c...
compiling stm32f10x_crc.c...
compiling stm32f10x_dac.c...
compiling stm32f10x_dbgmcu.c...
compiling stm32f10x_dma.c...
compiling stm32f10x_exti.c...
compiling stm32f10x_flash.c...
compiling stm32f10x_fsmc.c...
compiling stm32f10x_gpio.c...
compiling stm32f10x_i2c.c...
compiling stm32f10x_iwdg.c...
compiling stm32f10x_pwr.c...
compiling stm32f10x_rcc.c...
compiling stm32f10x_rtc.c...
compiling stm32f10x_sdio.c...
compiling stm32f10x_spi.c...
compiling stm32f10x_tim.c...
compiling stm32f10x_usart.c...
compiling stm32f10x_wwdg.c...
compiling main.c...
compiling stm32f10x_it.c...
linking...
Program Size: Code=27032 RO-data=374412 RW-data=80 ZI-data=1128  
FromELF: creating hex file...
"..\Output\project.axf" - 0 Errors, 0 Warning(s).
